2025-03-25 17:03:35,006 - INFO - This is a test log message
